BL51 BANKED LINKER/LOCATER V6.22                                                        05/01/2017  22:10:25  PAGE 1


BL51 BANKED LINKER/LOCATER V6.22, INVOKED BY:
D:\KEIL\C51\BIN\BL51.EXE main.obj TO test RAMSIZE (256)


MEMORY MODEL: SMALL


INPUT MODULES INCLUDED:
  main.obj (MAIN)
  D:\KEIL\C51\LIB\C51S.LIB (?C_STARTUP)
  D:\KEIL\C51\LIB\C51S.LIB (?C?UIDIV)
  D:\KEIL\C51\LIB\C51S.LIB (?C_INIT)


LINK MAP OF MODULE:  test (MAIN)


            TYPE    BASE      LENGTH    RELOCATION   SEGMENT NAME
            -----------------------------------------------------

            * * * * * * *   D A T A   M E M O R Y   * * * * * * *
            REG     0000H     0008H     ABSOLUTE     "REG BANK 0"
            DATA    0008H     0004H     UNIT         ?DT?MAIN
            DATA    000CH     0001H     UNIT         _DATA_GROUP_
                    000DH     0013H                  *** GAP ***
            DATA    0020H     0001H     BIT_ADDR     ?BA?MAIN
            BIT     0021H.0   0000H.2   UNIT         ?BI?MAIN
            BIT     0021H.2   0000H.1   UNIT         _BIT_GROUP_
                    0021H.3   0000H.5                *** GAP ***
            IDATA   0022H     0001H     UNIT         ?STACK

            * * * * * * *   C O D E   M E M O R Y   * * * * * * *
            CODE    0000H     0003H     ABSOLUTE     
            CODE    0003H     008CH     UNIT         ?C_C51STARTUP
            CODE    008FH     0070H     UNIT         ?PR?MAIN?MAIN
            CODE    00FFH     0055H     UNIT         ?C?LIB_CODE
            CODE    0154H     002EH     UNIT         ?PR?BOOT_REPEATING_CODE_JUDGE?MAIN
            CODE    0182H     0028H     UNIT         ?PR?_DELAY_MS?MAIN
            CODE    01AAH     0027H     UNIT         ?PR?_DELAY_US?MAIN
            CODE    01D1H     001EH     UNIT         ?PR?START_JUDGE?MAIN
            CODE    01EFH     0018H     UNIT         ?PR?H_L_LEVEL_JUDGE?MAIN
            CODE    0207H     0010H     UNIT         ?PR?UART_INITIAL?MAIN
            CODE    0217H     000BH     UNIT         ?C_INITSEG



OVERLAY MAP OF MODULE:   test (MAIN)


SEGMENT                                       BIT_GROUP          DATA_GROUP 
  +--> CALLED SEGMENT                      START    LENGTH     START    LENGTH
------------------------------------------------------------------------------
?C_C51STARTUP                              -----    -----      -----    -----
  +--> ?PR?MAIN?MAIN
  +--> ?C_INITSEG

?PR?MAIN?MAIN                              -----    -----      000CH    0001H
  +--> ?PR?UART_INITIAL?MAIN
BL51 BANKED LINKER/LOCATER V6.22                                                      05/01/2017  22:10:25  PAGE 2


  +--> ?PR?START_JUDGE?MAIN
  +--> ?PR?BOOT_REPEATING_CODE_JUDGE?MAIN
  +--> ?PR?H_L_LEVEL_JUDGE?MAIN
  +--> ?PR?_DELAY_MS?MAIN

?PR?START_JUDGE?MAIN                       0021H.2  0000H.1    -----    -----
  +--> ?PR?_DELAY_US?MAIN

?PR?BOOT_REPEATING_CODE_JUDGE?MAIN         0021H.2  0000H.1    -----    -----
  +--> ?PR?_DELAY_MS?MAIN
  +--> ?PR?_DELAY_US?MAIN

?PR?H_L_LEVEL_JUDGE?MAIN                   -----    -----      -----    -----
  +--> ?PR?_DELAY_US?MAIN
  +--> ?PR?_DELAY_MS?MAIN



SYMBOL TABLE OF MODULE:  test (MAIN)

  VALUE           TYPE          NAME
  ----------------------------------

  -------         MODULE        MAIN
  C:0000H         SYMBOL        _ICE_DUMMY_
  D:0080H         PUBLIC        P0
  D:0090H         PUBLIC        P1
  D:00A0H         PUBLIC        P2
  D:00B0H         PUBLIC        P3
  D:00C0H         PUBLIC        P4
  D:00C8H         PUBLIC        P5
  B:00A8H.7       PUBLIC        EA
  D:00E8H         PUBLIC        P6
  D:00F8H         PUBLIC        P7
  C:0154H         PUBLIC        BOOT_REPEATING_CODE_Judge
  D:00A8H         PUBLIC        IE
  C:0182H         PUBLIC        _DELAY_Ms
  B:0021H.0       PUBLIC        BOOT_REPEATING_CODE_Flag
  B:00A8H.4       PUBLIC        ES
  D:00B8H         PUBLIC        IP
  C:01AAH         PUBLIC        _DELAY_Us
  D:0008H         PUBLIC        DATA
  B:0098H.1       PUBLIC        TI
  C:01EFH         PUBLIC        H_L_LEVEL_Judge
  D:00D8H         PUBLIC        CCON
  C:008FH         PUBLIC        main
  D:0099H         PUBLIC        SBUF
  D:0098H         PUBLIC        SCON
  B:00B0H.5       PUBLIC        IR_Out
  D:0089H         PUBLIC        TMOD
  D:0088H         PUBLIC        TCON
  D:008DH         PUBLIC        TH1
  B:0088H.6       PUBLIC        TR1
  C:01D1H         PUBLIC        START_Judge
  C:0207H         PUBLIC        UART_Initial
  B:0021H.1       PUBLIC        START_Flag
  B:0020H.0       PUBLIC        B0
BL51 BANKED LINKER/LOCATER V6.22                                                      05/01/2017  22:10:25  PAGE 3


  B:0020H.1       PUBLIC        B1
  B:0020H.2       PUBLIC        B2
  B:0020H.3       PUBLIC        B3
  B:0020H.4       PUBLIC        B4
  B:0020H.5       PUBLIC        B5
  B:0020H.6       PUBLIC        B6
  D:0020H         PUBLIC        TEMP_BIT
  B:0020H.7       PUBLIC        B7
  D:00D0H         PUBLIC        PSW
  -------         PROC          _DELAY_US
  D:0002H         SYMBOL        Us
  -------         DO            
  D:0082H         SYMBOL        x
  -------         ENDDO         
  C:01AAH         LINE#         38
  C:01AEH         LINE#         39
  C:01AEH         LINE#         41
  C:01D0H         LINE#         42
  -------         ENDPROC       _DELAY_US
  -------         PROC          _DELAY_MS
  D:0006H         SYMBOL        Ms
  -------         DO            
  D:0004H         SYMBOL        x
  D:0002H         SYMBOL        y
  -------         ENDDO         
  C:0182H         LINE#         43
  C:0182H         LINE#         44
  C:0182H         LINE#         46
  C:0194H         LINE#         47
  C:0194H         LINE#         48
  C:01A2H         LINE#         49
  C:01A9H         LINE#         50
  -------         ENDPROC       _DELAY_MS
  -------         PROC          MAIN
  -------         DO            
  D:000CH         SYMBOL        i
  -------         ENDDO         
  C:008FH         LINE#         52
  C:008FH         LINE#         53
  C:008FH         LINE#         55
  C:0092H         LINE#         56
  C:0094H         LINE#         57
  C:0094H         LINE#         58
  C:0094H         LINE#         59
  C:0099H         LINE#         60
  C:009EH         LINE#         61
  C:00A4H         LINE#         62
  C:00A4H         LINE#         63
  C:00A7H         LINE#         64
  C:00A7H         LINE#         65
  C:00ACH         LINE#         66
  C:00B1H         LINE#         67
  C:00B6H         LINE#         68
  C:00BBH         LINE#         69
  C:00C0H         LINE#         70
  C:00C5H         LINE#         71
  C:00CAH         LINE#         72
BL51 BANKED LINKER/LOCATER V6.22                                                      05/01/2017  22:10:25  PAGE 4


  C:00CFH         LINE#         73
  C:00D6H         LINE#         74
  C:00DFH         LINE#         75
  C:00E2H         LINE#         76
  C:00E2H         LINE#         77
  C:00EAH         LINE#         78
  C:00EDH         LINE#         79
  C:00EFH         LINE#         80
  C:00F6H         LINE#         81
  C:00F6H         LINE#         82
  C:00FDH         LINE#         83
  -------         ENDPROC       MAIN
  -------         PROC          UART_INITIAL
  C:0207H         LINE#         86
  C:0207H         LINE#         87
  C:0207H         LINE#         88
  C:020AH         LINE#         90
  C:020DH         LINE#         92
  C:0210H         LINE#         94
  C:0212H         LINE#         96
  C:0214H         LINE#         97
  C:0216H         LINE#         98
  -------         ENDPROC       UART_INITIAL
  -------         PROC          START_JUDGE
  -------         DO            
  B:0021H.2       SYMBOL        TEMP_Flag
  D:0001H         SYMBOL        i
  -------         ENDDO         
  C:01D1H         LINE#         101
  C:01D1H         LINE#         102
  C:01D1H         LINE#         103
  C:01D3H         LINE#         104
  C:01D5H         LINE#         107
  C:01D8H         LINE#         110
  C:01DAH         LINE#         111
  C:01DAH         LINE#         112
  C:01E1H         LINE#         113
  C:01E4H         LINE#         114
  C:01E4H         LINE#         115
  C:01E6H         LINE#         116
  C:01E8H         LINE#         117
  C:01E8H         LINE#         118
  C:01ECH         LINE#         120
  C:01EEH         LINE#         121
  -------         ENDPROC       START_JUDGE
  -------         PROC          BOOT_REPEATING_CODE_JUDGE
  -------         DO            
  B:0021H.2       SYMBOL        TEMP_Flag
  -------         ENDDO         
  C:0154H         LINE#         123
  C:0154H         LINE#         124
  C:0154H         LINE#         125
  C:0156H         LINE#         126
  C:0159H         LINE#         128
  C:0160H         LINE#         129
  C:0163H         LINE#         130
  C:0168H         LINE#         131
BL51 BANKED LINKER/LOCATER V6.22                                                      05/01/2017  22:10:25  PAGE 5


  C:016FH         LINE#         132
  C:0176H         LINE#         135
  C:0179H         LINE#         136
  C:0179H         LINE#         137
  C:017BH         LINE#         138
  C:017DH         LINE#         140
  C:017DH         LINE#         141
  C:017FH         LINE#         142
  C:017FH         LINE#         143
  C:0181H         LINE#         144
  -------         ENDPROC       BOOT_REPEATING_CODE_JUDGE
  -------         PROC          H_L_LEVEL_JUDGE
  C:01EFH         LINE#         145
  C:01EFH         LINE#         146
  C:01EFH         LINE#         147
  C:01F2H         LINE#         148
  C:01F9H         LINE#         149
  C:01FCH         LINE#         150
  C:01FCH         LINE#         151
  C:0203H         LINE#         152
  C:0205H         LINE#         153
  C:0205H         LINE#         155
  C:0205H         LINE#         156
  C:0206H         LINE#         157
  C:0206H         LINE#         158
  -------         ENDPROC       H_L_LEVEL_JUDGE
  -------         ENDMOD        MAIN

  -------         MODULE        ?C?UIDIV
  C:00FFH         PUBLIC        ?C?UIDIV
  -------         ENDMOD        ?C?UIDIV

Program Size: data=15.3 xdata=0 code=546
LINK/LOCATE RUN COMPLETE.  0 WARNING(S),  0 ERROR(S)
